../Core/Src/main.c:128:9:Read_DataXbits	40	static
../Core/Src/main.c:145:6:calibrate	128	static,ignoring_inline_asm
../Core/Src/main.c:175:8:correct_neg_f	16	static
../Core/Src/main.c:182:6:position_decoder	88	static
../Core/Src/main.c:202:6:set_duty_cycle	16	static
../Core/Src/main.c:229:5:main	96	static,ignoring_inline_asm
../Core/Src/main.c:420:6:SystemClock_Config	72	static
../Core/Src/main.c:457:13:MX_I2C1_Init	8	static
../Core/Src/main.c:491:13:MX_TIM1_Init	96	static
../Core/Src/main.c:566:13:MX_TIM2_Init	48	static
../Core/Src/main.c:627:13:MX_GPIO_Init	48	static
../Core/Src/main.c:695:6:HAL_GPIO_EXTI_Callback	16	static,ignoring_inline_asm
../Core/Src/main.c:709:6:Error_Handler	4	static,ignoring_inline_asm
